
> stride@1.2.0 test:e2e
> playwright test


Running 16 tests using 5 workers

Navigating to Home...
[E2E MOCK] Catching Audius request: http://127.0.0.1:5174/mock-audius/v1/tracks/trending?app_name=STRIDE
[E2E MOCK] Catching Audius request: http://127.0.0.1:5174/mock-audius/v1/tracks/trending?app_name=STRIDE
[E2E MOCK] Catching Audius request: http://127.0.0.1:5174/mock-audius/v1/tracks/trending?app_name=STRIDE
[E2E MOCK] Catching Audius request: http://127.0.0.1:5174/mock-audius/v1/tracks/trending?app_name=STRIDE
[E2E MOCK] Catching Audius request: http://127.0.0.1:5174/mock-audius/v1/tracks/search?query=lofi&app_name=STRIDE
  ✓   4 [chromium] › tests/music-flow.spec.js:41:1 › Playlist creation flow (4.2s)
  ✓   5 [chromium] › tests/music-flow.spec.js:12:1 › Music page basic interaction (4.4s)
  ✓   3 [chromium] › tests/community-flow.spec.js:9:1 › App loads and user can navigate to explore (4.5s)
  ✓   1 [chromium] › tests/community-flow.spec.js:17:1 › Community interaction flow (5.0s)
[E2E MOCK] Catching Audius request: http://127.0.0.1:5174/mock-audius/v1/tracks/trending?app_name=STRIDE
[E2E MOCK] Catching Audius request: http://127.0.0.1:5174/mock-audius/v1/tracks/trending?app_name=STRIDE
[E2E MOCK] Catching Audius request: http://127.0.0.1:5174/mock-audius/v1/tracks/trending?app_name=STRIDE
[E2E MOCK] Catching Audius request: http://127.0.0.1:5174/mock-audius/v1/tracks/trending?app_name=STRIDE
Clicking Edit Profile via evaluate...
[E2E MOCK] Catching Audius request: http://127.0.0.1:5174/mock-audius/v1/tracks/trending?app_name=STRIDE
[E2E MOCK] Catching Audius request: http://127.0.0.1:5174/mock-audius/v1/tracks/trending?app_name=STRIDE
[E2E MOCK] Catching Audius request: http://127.0.0.1:5174/mock-audius/v1/tracks/trending?app_name=STRIDE
[E2E MOCK] Catching Audius request: http://127.0.0.1:5174/mock-audius/v1/tracks/trending?app_name=STRIDE
  ✓   9 [chromium] › tests/smoke-test.spec.js:35:3 › Stride Full Application Smoke Test › home feed and stories (1.5s)
[E2E MOCK] Catching Audius request: http://127.0.0.1:5174/mock-audius/v1/tracks/trending?app_name=STRIDE
[E2E MOCK] Catching Audius request: http://127.0.0.1:5174/mock-audius/v1/tracks/trending?app_name=STRIDE
[E2E MOCK] Catching Audius request: http://127.0.0.1:5174/mock-audius/v1/tracks/trending?app_name=STRIDE
[E2E MOCK] Catching Audius request: http://127.0.0.1:5174/mock-audius/v1/tracks/trending?app_name=STRIDE
  ✓   6 [chromium] › tests/profile-settings.spec.js:11:1 › Profile page display and navigation (2.6s)
Opening Edit Profile modal via evaluate...
[E2E MOCK] Catching Audius request: http://127.0.0.1:5174/mock-audius/v1/tracks/trending?app_name=STRIDE
[E2E MOCK] Catching Audius request: http://127.0.0.1:5174/mock-audius/v1/tracks/trending?app_name=STRIDE
  ✓   7 [chromium] › tests/profile-settings.spec.js:29:1 › Settings theme/accent color change (3.4s)
[E2E MOCK] Catching Audius request: http://127.0.0.1:5174/mock-audius/v1/tracks/trending?app_name=STRIDE
[E2E MOCK] Catching Audius request: http://127.0.0.1:5174/mock-audius/v1/tracks/trending?app_name=STRIDE
Navigating to Explore...
[E2E MOCK] Catching Audius request: http://127.0.0.1:5174/mock-audius/v1/tracks/trending?app_name=STRIDE
[E2E MOCK] Catching Audius request: http://127.0.0.1:5174/mock-audius/v1/tracks/trending?app_name=STRIDE
[E2E MOCK] Catching Audius request: http://127.0.0.1:5174/mock-audius/v1/tracks/trending?app_name=STRIDE
[E2E MOCK] Catching Audius request: http://127.0.0.1:5174/mock-audius/v1/tracks/trending?app_name=STRIDE
  ✓  10 [chromium] › tests/smoke-test.spec.js:53:3 › Stride Full Application Smoke Test › global UI elements (2.2s)
[E2E MOCK] Catching Audius request: http://127.0.0.1:5174/mock-audius/v1/tracks/trending?app_name=STRIDE
[E2E MOCK] Catching Audius request: http://127.0.0.1:5174/mock-audius/v1/tracks/trending?app_name=STRIDE
[E2E MOCK] Catching Audius request: http://127.0.0.1:5174/mock-audius/v1/tracks/trending?app_name=STRIDE
[E2E MOCK] Catching Audius request: http://127.0.0.1:5174/mock-audius/v1/tracks/trending?app_name=STRIDE
[E2E MOCK] Catching Audius request: http://127.0.0.1:5174/mock-audius/v1/tracks/trending?app_name=STRIDE
  ✓  12 [chromium] › tests/social-extended.spec.js:37:3 › Social Interactions Extended (DMs & Calls) › should send a private message and see it in the chat (2.8s)
[E2E MOCK] Catching Audius request: http://127.0.0.1:5174/mock-audius/v1/tracks/trending?app_name=STRIDE
[E2E MOCK] Catching Audius request: http://127.0.0.1:5174/mock-audius/v1/tracks/trending?app_name=STRIDE
[E2E MOCK] Catching Audius request: http://127.0.0.1:5174/mock-audius/v1/tracks/trending?app_name=STRIDE
[E2E MOCK] Catching Audius request: http://127.0.0.1:5174/mock-audius/v1/tracks/trending?app_name=STRIDE
[E2E MOCK] Catching Audius request: http://127.0.0.1:5174/mock-audius/v1/tracks/trending?app_name=STRIDE
[E2E MOCK] Catching Audius request: http://127.0.0.1:5174/mock-audius/v1/tracks/trending?app_name=STRIDE
[E2E MOCK] Catching Audius request: http://127.0.0.1:5174/mock-audius/v1/tracks/trending?app_name=STRIDE
Navigating to Profile...
  ✓   8 [chromium] › tests/smoke-test.spec.js:14:3 › Stride Full Application Smoke Test › primary sidebar links (7.6s)
  ✓  13 [chromium] › tests/social-extended.spec.js:55:3 › Social Interactions Extended (DMs & Calls) › should initiate a call and see call overlay (3.4s)
[E2E MOCK] Catching Audius request: http://127.0.0.1:5174/mock-audius/v1/tracks/trending?app_name=STRIDE
[E2E MOCK] Catching Audius request: http://127.0.0.1:5174/mock-audius/v1/tracks/trending?app_name=STRIDE
[E2E MOCK] Catching Audius request: http://127.0.0.1:5174/mock-audius/v1/tracks/trending?app_name=STRIDE
[E2E MOCK] Catching Audius request: http://127.0.0.1:5174/mock-audius/v1/tracks/trending?app_name=STRIDE
[E2E MOCK] Catching Audius request: http://127.0.0.1:5174/mock-audius/v1/tracks/trending?app_name=STRIDE
[E2E MOCK] Catching Audius request: http://127.0.0.1:5174/mock-audius/v1/tracks/trending?app_name=STRIDE
[E2E MOCK] Catching Audius request: http://127.0.0.1:5174/mock-audius/v1/tracks/trending?app_name=STRIDE
[E2E MOCK] Catching Audius request: http://127.0.0.1:5174/mock-audius/v1/tracks/trending?app_name=STRIDE
[E2E MOCK] Catching Audius request: http://127.0.0.1:5174/mock-audius/v1/tracks/trending?app_name=STRIDE
[E2E MOCK] Catching Audius request: http://127.0.0.1:5174/mock-audius/v1/tracks/trending?app_name=STRIDE
  ✓  11 [chromium] › tests/smoke-test.spec.js:61:3 › Stride Full Application Smoke Test › visual consistency - screenshots (7.2s)
[E2E MOCK] Catching Audius request: http://127.0.0.1:5174/mock-audius/v1/tracks/trending?app_name=STRIDE
[E2E MOCK] Catching Audius request: http://127.0.0.1:5174/mock-audius/v1/tracks/trending?app_name=STRIDE
  ✓  16 [chromium] › tests/social-interactions.spec.js:43:1 › Global Search from Topbar (2.7s)
Mobile screenshots captured successfully.
  ✓   2 [chromium] › tests/mobile-snapshots.spec.js:8:1 › capture mobile screenshots (15.9s)
  ✓  14 [chromium] › tests/social-interactions.spec.js:10:1 › Notifications page display (5.7s)
[E2E MOCK] Catching Audius request: http://127.0.0.1:5174/mock-audius/v1/tracks/trending?app_name=STRIDE
[E2E MOCK] Catching Audius request: http://127.0.0.1:5174/mock-audius/v1/tracks/trending?app_name=STRIDE
[E2E MOCK] Catching Audius request: http://127.0.0.1:5174/mock-audius/v1/tracks/trending?app_name=STRIDE
[E2E MOCK] Catching Audius request: http://127.0.0.1:5174/mock-audius/v1/tracks/trending?app_name=STRIDE
  ✓  15 [chromium] › tests/social-interactions.spec.js:29:1 › Messages and Reels navigation (4.8s)

  16 passed (19.2s)

To open last HTML report run:
[36m[39m
[36m  npx playwright show-report[39m
[36m[39m
